// Jest Snapshot v1, https://goo.gl/fbAQLP

exports[`should render NotFoundPage correctly 1`] = `
<div>
  404! - 
  <link
    to="/"
  >
    Go home
  </link>
</div>
`;
